[debug] [2026-06-06T21:48:28.347Z] ----------------------------------------------------------------------
[debug] [2026-06-06T21:48:28.359Z] Command:       C:\nvm4w\nodejs\node.exe C:\nvm4w\nodejs\node_modules\firebase-tools\lib\bin\firebase.js deploy --only hosting
[debug] [2026-06-06T21:48:28.364Z] CLI Version:   15.15.0
[debug] [2026-06-06T21:48:28.364Z] Platform:      win32
[debug] [2026-06-06T21:48:28.365Z] Node Version:  v22.22.2
[debug] [2026-06-06T21:48:28.368Z] Time:          Sat Jun 06 2026 22:48:28 GMT+0100 (West Africa Time)
[debug] [2026-06-06T21:48:28.369Z] ----------------------------------------------------------------------
[debug] 
[debug] [2026-06-06T21:49:14.278Z] > command requires scopes: ["email","openid","https://www.googleapis.com/auth/cloudplatformprojects.readonly","https://www.googleapis.com/auth/firebase","https://www.googleapis.com/auth/cloud-platform"]
[debug] [2026-06-06T21:49:14.279Z] > authorizing via signed-in user (lucashedrix5@gmail.com)
[debug] [2026-06-06T21:49:14.280Z] [iam] checking project cupid-5292e for permissions ["firebase.projects.get","firebasehosting.sites.update"]
[debug] [2026-06-06T21:49:14.285Z] Checked if tokens are valid: true, expires at: 1780783775743
[debug] [2026-06-06T21:49:14.286Z] Checked if tokens are valid: true, expires at: 1780783775743
[debug] [2026-06-06T21:49:14.303Z] >>> [apiv2][query] POST https://cloudresourcemanager.googleapis.com/v1/projects/cupid-5292e:testIamPermissions [none]
[debug] [2026-06-06T21:49:14.304Z] >>> [apiv2][(partial)header] POST https://cloudresourcemanager.googleapis.com/v1/projects/cupid-5292e:testIamPermissions  x-goog-user-project=cupid-5292e
[debug] [2026-06-06T21:49:14.306Z] >>> [apiv2][body] POST https://cloudresourcemanager.googleapis.com/v1/projects/cupid-5292e:testIamPermissions {"permissions":["firebase.projects.get","firebasehosting.sites.update"]}
[debug] [2026-06-06T21:49:16.724Z] <<< [apiv2][status] POST https://cloudresourcemanager.googleapis.com/v1/projects/cupid-5292e:testIamPermissions 200
[debug] [2026-06-06T21:49:16.725Z] <<< [apiv2][body] POST https://cloudresourcemanager.googleapis.com/v1/projects/cupid-5292e:testIamPermissions {"permissions":["firebase.projects.get","firebasehosting.sites.update"]}
[debug] [2026-06-06T21:49:16.726Z] Checked if tokens are valid: true, expires at: 1780783775743
[debug] [2026-06-06T21:49:16.727Z] Checked if tokens are valid: true, expires at: 1780783775743
[debug] [2026-06-06T21:49:16.728Z] >>> [apiv2][query] GET https://firebase.googleapis.com/v1beta1/projects/cupid-5292e [none]
[debug] [2026-06-06T21:49:21.041Z] <<< [apiv2][status] GET https://firebase.googleapis.com/v1beta1/projects/cupid-5292e 200
[debug] [2026-06-06T21:49:21.041Z] <<< [apiv2][body] GET https://firebase.googleapis.com/v1beta1/projects/cupid-5292e {"projectId":"cupid-5292e","projectNumber":"1078178619703","displayName":"Cupid","name":"projects/cupid-5292e","resources":{"hostingSite":"cupid-5292e"},"state":"ACTIVE","etag":"1_99e10456-2648-4f9d-8be7-4e16cf8ce5b4"}
[info] 
[info] === Deploying to 'cupid-5292e'...
[info] 
[info] i  deploying hosting 
[debug] [2026-06-06T21:49:21.314Z] Checked if tokens are valid: true, expires at: 1780783775743
[debug] [2026-06-06T21:49:21.317Z] Checked if tokens are valid: true, expires at: 1780783775743
[debug] [2026-06-06T21:49:21.322Z] >>> [apiv2][query] POST https://firebasehosting.googleapis.com/v1beta1/projects/-/sites/cupid-5292e/versions [none]
[debug] [2026-06-06T21:49:21.323Z] >>> [apiv2][body] POST https://firebasehosting.googleapis.com/v1beta1/projects/-/sites/cupid-5292e/versions {"status":"CREATED","labels":{"deployment-tool":"cli-firebase"}}
[debug] [2026-06-06T21:49:27.914Z] <<< [apiv2][status] POST https://firebasehosting.googleapis.com/v1beta1/projects/-/sites/cupid-5292e/versions 200
[debug] [2026-06-06T21:49:27.915Z] <<< [apiv2][body] POST https://firebasehosting.googleapis.com/v1beta1/projects/-/sites/cupid-5292e/versions {"name":"projects/1078178619703/sites/cupid-5292e/versions/6cdbd892ab8e20bb","status":"CREATED","config":{},"labels":{"deployment-tool":"cli-firebase"}}
[info] i  hosting[cupid-5292e]: beginning deploy... 
[info] i  hosting[cupid-5292e]: found 64 files in website 
[debug] [2026-06-06T21:49:29.773Z] [hosting] uploading with 200 concurrency
[info] i  hosting: hashing files [63/64] (98%) 
[info] i  hosting: hashing files [63/64] (98%) 
[info] i  hosting: hashing files [63/64] (98%) 
[info] i  hosting: hashing files [63/64] (98%) 
[info] i  hosting: hashing files [63/64] (98%) 
[info] i  hosting: hashing files [63/64] (98%) 
[info] i  hosting: hashing files [63/64] (98%) 
[info] i  hosting: hashing files [63/64] (98%) 
[info] i  hosting: hashing files [63/64] (98%) 
